// Jest Snapshot v1, https://goo.gl/fbAQLP

exports[`Tests on CounterApp should match with snapshot 1`] = `
<div>
  <h1>
    Counter App
  </h1>
  <h2>
    100
  </h2>
  <button>
    -1
  </button>
  <button>
    Reset
  </button>
  <button>
    +1
  </button>
</div>
`;
