// Jest Snapshot v1, https://goo.gl/fbAQLP

exports[`Tests on <FirstApp /> should match with snapshot 1`] = `
<div>
  <h1
    data-testid="test-title"
  >
    Here is the title
  </h1>
  <h2>
    Not a Software Engineer
  </h2>
</div>
`;
