// Jest Snapshot v1, https://goo.gl/fbAQLP

exports[`Tests on <FirstApp /> should match with snapshot 1`] = `
<div>
  <h1>
    Nato Gourmet
  </h1>
  <p>
    Not a Software Engineer
  </p>
</div>
`;
